[0;34m==========================================[0m
[0;34mPWDFT Phase 4 Verification Test Runner[0m
[0;34m==========================================[0m
[0;34mDate: Tue Jul 29 16:54:29 CDT 2025[0m
[0;34mPWDFT Root: /Users/brossdh/src/PWDFT[0m
[0;34mLog File: /Users/brossdh/src/PWDFT/verification_suite/logs/verification_20250729_165429.log[0m
[0;32m✅ MPI environment detected[0m
[0;32m✅ PWDFT build detected[0m
[0;34mRunning H2 Band Test (Reference Test)[0m
[0;34mRunning: Cleaning previous H2 test results[0m
[1;33mCommand: rm -f h2_band.out debug.log[0m
[0;32m✅ SUCCESS: Cleaning previous H2 test results[0m
[0;34mRunning: Running H2 band test[0m
[1;33mCommand: ./run.sh > h2_band.out 2> debug.log[0m
[0;32m✅ SUCCESS: Running H2 band test[0m
[0;32m✅ H2 band test completed successfully[0m
[0;32m   Final energy: 0.18223036335706644 Hartree[0m
[0;32m✅ Energy in reasonable range for H2[0m
[1;33m⚠️  Debug log contains messages:[0m
[MPI REQUEST DEBUG] Rank 0: Deleting request[d] and statuses[d]
[MPI REQUEST DEBUG] Rank 0: aend completed, reqcnt[d] reset to 0
[MPI REQUEST DEBUG] Rank 0: aend called d=7 reqcnt[d]=0
[MPI REQUEST DEBUG] Rank 0: No requests for final wait
[MPI REQUEST DEBUG] Rank 0: Deleting request[d] and statuses[d]
[MPI REQUEST DEBUG] Rank 0: aend completed, reqcnt[d] reset to 0
[MPI REQUEST DEBUG] Rank 0: aend called d=8 reqcnt[d]=0
[MPI REQUEST DEBUG] Rank 0: No requests for final wait
[MPI REQUEST DEBUG] Rank 0: Deleting request[d] and statuses[d]
[MPI REQUEST DEBUG] Rank 0: aend completed, reqcnt[d] reset to 0
[0;34mGenerating Verification Report[0m
[0;32m✅ Verification report generated: /Users/brossdh/src/PWDFT/verification_suite/logs/verification_report_20250729_165429.md[0m
[0;32m==========================================[0m
[0;32mVerification test run completed[0m
[0;32mCheck log file: /Users/brossdh/src/PWDFT/verification_suite/logs/verification_20250729_165429.log[0m
[0;32mCheck report: /Users/brossdh/src/PWDFT/verification_suite/logs/verification_report_20250729_165429.md[0m
[0;32m==========================================[0m
